// Vitest Snapshot v1, https://vitest.dev/guide/snapshot.html

exports[`Checks > creates snapshot 1`] = `
<DocumentFragment>
  <div
    class="d-flex flex-row align-items-center text-primary _categoryTitle_512c5a"
  >
    <div
      class="fw-bold text-uppercase"
    >
      <small>
        Checks
      </small>
    </div>
  </div>
  <div>
    <button
      aria-label="Open checks modal"
      class="btn btn-outline-secondary btn-sm rounded-0 _btn_512c5a mt-3"
      type="button"
    >
      <span>
        Add checks filters
      </span>
    </button>
  </div>
</DocumentFragment>
`;
