// Vitest Snapshot v1, https://vitest.dev/guide/snapshot.html

exports[`ProgressBar > creates snapshot 1`] = `
<DocumentFragment>
  <div
    class="d-flex flex-column"
  >
    <div
      class="d-flex flex-row align-items-center mb-1 mb-md-0 _progressTitle_e0c5a0"
    >
      <div
        class="me-2 position-relative _icon_e0c5a0"
      >
        icon
      </div>
      <div>
        Security
      </div>
    </div>
    <div
      class="d-flex flex-row mb-3 align-items-center"
    >
      <div
        class="flex-grow-1 undefined"
      >
        <div
          class="progress rounded-0 _progress_e0c5a0"
        >
          <div
            aria-label="Security passed checks percentage"
            aria-valuemax="100"
            aria-valuemin="0"
            aria-valuenow="75"
            class="progress-bar _progressbar_e0c5a0"
            role="progressbar"
            style="width: 75%; background-color: var(--clo-green);"
          />
        </div>
      </div>
      <div
        class="ps-1 ps-md-3 lh-1 text-end _scoreWrapper_e0c5a0"
      >
        <small
          class="fw-bold lightText"
        >
          75%
        </small>
      </div>
    </div>
  </div>
</DocumentFragment>
`;
